ASxxxx Linker V03.00/V05.40 + sdld,  page 1.
Hexadecimal  [32-Bits]

Area                                    Addr        Size        Decimal Bytes (Attributes)
--------------------------------        ----        ----        ------- ----- ------------
.  .ABS.                            00000000    00000000 =           0. bytes (ABS,CON)

      Value  Global                              Global Defined In Module
      -----  --------------------------------   ------------------------
     00000000  .__.ABS.                           
     00000000  _rRAMG                             
     00000000  l__BASE                         
     00000000  l__BSS                          
     00000000  l__CABS                         
     00000000  l__CODE_0                       
     00000000  l__CRASH_HEADER                 
     00000000  l__CRASH_SCRATCH                
     00000000  l__DABS                         
     00000000  l__HEADER                       
     00000000  l__HEADER_LCD                   
     00000000  l__HEADER_SIO                   
     00000000  l__HEADER_TIMER                 
     00000000  l__HEAP                         
     00000000  l__HEAP_END                     
     00000000  l__HRAM                         
     00000000  l__LIT                          
     00000000  s__CABS                         
     00000000  s__CRASH_HEADER                 
     00000000  s__CRASH_HEADER0                
     00000000  s__CRASH_HEADER1                
     00000000  s__CRASH_SCRATCH                
     00000000  s__CRASH_SCRATCH2               
     00000000  s__DABS                         
     00000000  s__HEADER                       
     00000000  s__HEADER0                      
     00000000  s__HEADER1                      
     00000000  s__HEADER10                     
     00000000  s__HEADER11                     
     00000000  s__HEADER2                      
     00000000  s__HEADER3                      
     00000000  s__HEADER4                      
     00000000  s__HEADER5                      
     00000000  s__HEADER6                      
     00000000  s__HEADER7                      
     00000000  s__HEADER8                      
     00000000  s__HEADER9                      
     00000000  s__HEADER_LCD                   
     00000000  s__HEADER_LCD0                  
     00000000  s__HEADER_SIO                   
     00000000  s__HEADER_SIO0                  
     00000000  s__HEADER_TIMER                 
     00000000  s__HEADER_TIMER0                
     00000000  s__HEADERa                      
     00000000  s__HEADERb                      
     00000000  s__HEADERc                      
     00000000  s__HEADERd                      
     00000000  s__HEADERe                      
     00000000  s__HEADERf                      
     00000000  s__HRAM                         
ASxxxx Linker V03.00/V05.40 + sdld,  page 2.
Hexadecimal  [32-Bits]

Area                                    Addr        Size        Decimal Bytes (Attributes)
--------------------------------        ----        ----        ------- ----- ------------
.  .ABS.                            00000000    00000000 =           0. bytes (ABS,CON)

      Value  Global                              Global Defined In Module
      -----  --------------------------------   ------------------------
     00000000  s__HRAM12                       
     00000001  ___bank_VM_SGB                     vm_sgb
     00000001  ___bank_font_condensed             font_condensed
     00000001  ___bank_sound_breath3_wav          sound_breath3_wav
     00000001  b_parallax_init                    parallax
     00000001  b_projectile_launch                projectiles
     00000001  b_projectiles_init                 projectiles
     00000001  b_ui_draw_frame                    ui
     00000001  b_ui_draw_text_buffer_char         ui
     00000001  b_ui_init                          ui
     00000001  b_ui_load_tiles                    ui
     00000001  b_ui_run_menu                      ui
     00000001  b_ui_run_modal                     ui
     00000001  b_ui_set_start_tile                ui
     00000001  l__GSFINAL                      
     00000001  l__HEADER0                      
     00000001  l__HEADER5                      
     00000001  l__HEADERa                      
     00000001  l__HEADERb                      
     00000001  l__HEADERc                      
     00000001  l__HEADERe                      
     00000001  l__HEADERf                      
     00000002  ___bank_ACTOR                      actor
     00000002  ___bank_VM_ACTOR                   vm_actor
     00000002  ___bank_VM_MAIN                    vm
     00000002  ___bank_sprite_eyes_bank2_tilese   sprite_eyes_bank2_tileset
     00000002  ___mute_mask_sound_gbfx_sav_00     sound_gbfx_sav
     00000002  ___mute_mask_sound_gbfx_sav_01     sound_gbfx_sav
     00000002  ___mute_mask_sound_gbfx_sav_02     sound_gbfx_sav
     00000002  ___mute_mask_sound_gbfx_sav_03     sound_gbfx_sav
     00000002  ___mute_mask_sound_gbfx_sav_04     sound_gbfx_sav
     00000002  ___mute_mask_sound_gbfx_sav_05     sound_gbfx_sav
     00000002  ___mute_mask_sound_gbfx_sav_06     sound_gbfx_sav
     00000002  ___mute_mask_sound_gbfx_sav_07     sound_gbfx_sav
     00000002  ___mute_mask_sound_gbfx_sav_08     sound_gbfx_sav
     00000002  ___mute_mask_sound_gbfx_sav_09     sound_gbfx_sav
     00000002  ___mute_mask_sound_gbfx_sav_10     sound_gbfx_sav
     00000002  ___mute_mask_sound_gbfx_sav_11     sound_gbfx_sav
     00000002  ___mute_mask_sound_gbfx_sav_12     sound_gbfx_sav
     00000002  ___mute_mask_sound_gbfx_sav_13     sound_gbfx_sav
     00000002  ___mute_mask_sound_gbfx_sav_14     sound_gbfx_sav
     00000002  ___mute_mask_sound_gbfx_sav_15     sound_gbfx_sav
     00000002  ___mute_mask_sound_gbfx_sav_32     sound_gbfx_sav
     00000002  ___mute_mask_sound_gbfx_sav_33     sound_gbfx_sav
     00000002  ___mute_mask_sound_gbfx_sav_34     sound_gbfx_sav
     00000002  ___mute_mask_sound_gbfx_sav_35     sound_gbfx_sav
     00000002  ___mute_mask_sound_gbfx_sav_36     sound_gbfx_sav
     00000002  ___mute_mask_sound_gbfx_sav_37     sound_gbfx_sav
     00000002  ___mute_mask_sound_gbfx_sav_38     sound_gbfx_sav
     00000002  ___mute_mask_sound_gbfx_sav_39     sound_gbfx_sav
     00000002  ___mute_mask_sound_gbfx_sav_48     sound_gbfx_sav
ASxxxx Linker V03.00/V05.40 + sdld,  page 3.
Hexadecimal  [32-Bits]

Area                                    Addr        Size        Decimal Bytes (Attributes)
--------------------------------        ----        ----        ------- ----- ------------
.  .ABS.                            00000000    00000000 =           0. bytes (ABS,CON)

      Value  Global                              Global Defined In Module
      -----  --------------------------------   ------------------------
     00000002  b_activate_actor                   actor
     00000002  b_activate_actors_in_col           actor
     00000002  b_activate_actors_in_row           actor
     00000002  b_actor_at_tile                    actor
     00000002  b_actor_get_frame_offset           actor
     00000002  b_actor_in_front_of_player         actor
     00000002  b_actor_overlapping_bb             actor
     00000002  b_actor_overlapping_player         actor
     00000002  b_actor_set_anim_idle              actor
     00000002  b_actor_set_anim_moving            actor
     00000002  b_actor_set_dir                    actor
     00000002  b_actor_set_frame_offset           actor
     00000002  b_actor_set_frames                 actor
     00000002  b_actors_handle_player_collision   actor
     00000002  b_actors_init                      actor
     00000002  b_check_collision_in_direction     actor
     00000002  b_deactivate_actor                 actor
     00000002  b_player_init                      actor
     00000002  b_script_detach_hthread            vm
     00000002  b_script_execute                   vm
     00000002  b_script_runner_init               vm
     00000002  b_script_terminate                 vm
     00000002  b_topdown_init                     topdown
     00000002  b_topdown_update                   topdown
     00000002  b_vm_actor_activate                vm_actor
     00000002  b_vm_actor_begin_update            vm_actor
     00000002  b_vm_actor_deactivate              vm_actor
     00000002  b_vm_actor_emote                   vm_actor
     00000002  b_vm_actor_get_angle               vm_actor
     00000002  b_vm_actor_get_anim_frame          vm_actor
     00000002  b_vm_actor_get_dir                 vm_actor
     00000002  b_vm_actor_get_pos                 vm_actor
     00000002  b_vm_actor_move_cancel             vm_actor
     00000002  b_vm_actor_move_to                 vm_actor
     00000002  b_vm_actor_replace_tile            vm_actor
     00000002  b_vm_actor_set_anim                vm_actor
     00000002  b_vm_actor_set_anim_frame          vm_actor
     00000002  b_vm_actor_set_anim_set            vm_actor
     00000002  b_vm_actor_set_anim_tick           vm_actor
     00000002  b_vm_actor_set_bounds              vm_actor
     00000002  b_vm_actor_set_dir                 vm_actor
     00000002  b_vm_actor_set_flags               vm_actor
     00000002  b_vm_actor_set_move_speed          vm_actor
     00000002  b_vm_actor_set_pos                 vm_actor
     00000002  b_vm_actor_set_spritesheet         vm_actor
     00000002  b_vm_actor_set_spritesheet_by_re   vm_actor
     00000002  b_vm_actor_terminate_update        vm_actor
     00000002  b_vm_call                          vm
     00000002  b_vm_call_far                      vm
     00000002  b_vm_get_indirect                  vm
     00000002  b_vm_get_tlocal                    vm
ASxxxx Linker V03.00/V05.40 + sdld,  page 4.
Hexadecimal  [32-Bits]

Area                                    Addr        Size        Decimal Bytes (Attributes)
--------------------------------        ----        ----        ------- ----- ------------
.  .ABS.                            00000000    00000000 =           0. bytes (ABS,CON)

      Value  Global                              Global Defined In Module
      -----  --------------------------------   ------------------------
     00000002  b_vm_idle                          vm
     00000002  b_vm_if                            vm
     00000002  b_vm_if_const                      vm
     00000002  b_vm_init_rng                      vm
     00000002  b_vm_invoke                        vm
     00000002  b_vm_join                          vm
     00000002  b_vm_jump                          vm
     00000002  b_vm_lock                          vm
     00000002  b_vm_loop                          vm
     00000002  b_vm_memcpy                        vm
     00000002  b_vm_memset                        vm
     00000002  b_vm_poll_loaded                   vm
     00000002  b_vm_pop                           vm
     00000002  b_vm_push                          vm
     00000002  b_vm_push_reference                vm
     00000002  b_vm_push_value                    vm
     00000002  b_vm_push_value_ind                vm
     00000002  b_vm_raise                         vm
     00000002  b_vm_rand                          vm
     00000002  b_vm_reserve                       vm
     00000002  b_vm_ret                           vm
     00000002  b_vm_ret_far                       vm
     00000002  b_vm_set                           vm
     00000002  b_vm_set_const                     vm
     00000002  b_vm_set_indirect                  vm
     00000002  b_vm_terminate                     vm
     00000002  b_vm_test_terminate                vm
     00000002  b_vm_unlock                        vm
     00000002  b_wait_frames                      vm
     00000002  l__HEADER10                     
     00000002  l__HEADER6                      
     00000002  l__HEADERd                      
     00000003  ___bank_VM_GAMEBOY                 vm_gameboy
     00000003  ___bank_VM_UI                      vm_ui
     00000003  ___bank_bg_living_room_tileset     bg_living_room_tileset
     00000003  ___bank_bg_title_tileset           bg_title_tileset
     00000003  ___bank_script_input_0             script_input_0
     00000003  ___bank_script_input_1             script_input_1
     00000003  ___bank_sound_gbfx_sav_00          sound_gbfx_sav
     00000003  ___bank_sound_gbfx_sav_01          sound_gbfx_sav
     00000003  ___bank_sound_gbfx_sav_02          sound_gbfx_sav
     00000003  ___bank_sound_gbfx_sav_03          sound_gbfx_sav
     00000003  ___bank_sound_gbfx_sav_04          sound_gbfx_sav
     00000003  ___bank_sound_gbfx_sav_05          sound_gbfx_sav
     00000003  ___bank_sound_gbfx_sav_06          sound_gbfx_sav
     00000003  ___bank_sound_gbfx_sav_07          sound_gbfx_sav
     00000003  ___bank_sound_gbfx_sav_08          sound_gbfx_sav
     00000003  ___bank_sound_gbfx_sav_09          sound_gbfx_sav
     00000003  ___bank_sound_gbfx_sav_10          sound_gbfx_sav
     00000003  ___bank_sound_gbfx_sav_11          sound_gbfx_sav
     00000003  ___bank_sound_gbfx_sav_12          sound_gbfx_sav
ASxxxx Linker V03.00/V05.40 + sdld,  page 5.
Hexadecimal  [32-Bits]

Area                                    Addr        Size        Decimal Bytes (Attributes)
--------------------------------        ----        ----        ------- ----- ------------
.  .ABS.                            00000000    00000000 =           0. bytes (ABS,CON)

      Value  Global                              Global Defined In Module
      -----  --------------------------------   ------------------------
     00000003  ___bank_sound_gbfx_sav_13          sound_gbfx_sav
     00000003  ___bank_sound_gbfx_sav_14          sound_gbfx_sav
     00000003  ___bank_sound_gbfx_sav_15          sound_gbfx_sav
     00000003  ___bank_sound_gbfx_sav_16          sound_gbfx_sav
     00000003  ___bank_sound_gbfx_sav_17          sound_gbfx_sav
     00000003  ___bank_sound_gbfx_sav_18          sound_gbfx_sav
     00000003  ___bank_sound_gbfx_sav_19          sound_gbfx_sav
     00000003  ___bank_sound_gbfx_sav_20          sound_gbfx_sav
     00000003  ___bank_sound_gbfx_sav_21          sound_gbfx_sav
     00000003  ___bank_sound_gbfx_sav_22          sound_gbfx_sav
     00000003  ___bank_sound_gbfx_sav_23          sound_gbfx_sav
     00000003  ___bank_sound_gbfx_sav_24          sound_gbfx_sav
     00000003  ___bank_sound_gbfx_sav_25          sound_gbfx_sav
     00000003  ___bank_sound_gbfx_sav_26          sound_gbfx_sav
     00000003  ___bank_sound_gbfx_sav_27          sound_gbfx_sav
     00000003  ___bank_sound_gbfx_sav_28          sound_gbfx_sav
     00000003  ___bank_sound_gbfx_sav_29          sound_gbfx_sav
     00000003  ___bank_sound_gbfx_sav_30          sound_gbfx_sav
     00000003  ___bank_sound_gbfx_sav_31          sound_gbfx_sav
     00000003  ___bank_sound_gbfx_sav_32          sound_gbfx_sav
     00000003  ___bank_sound_gbfx_sav_33          sound_gbfx_sav
     00000003  ___bank_sound_gbfx_sav_34          sound_gbfx_sav
     00000003  ___bank_sound_gbfx_sav_35          sound_gbfx_sav
     00000003  ___bank_sound_gbfx_sav_36          sound_gbfx_sav
     00000003  ___bank_sound_gbfx_sav_37          sound_gbfx_sav
     00000003  ___bank_sound_gbfx_sav_38          sound_gbfx_sav
     00000003  ___bank_sound_gbfx_sav_39          sound_gbfx_sav
     00000003  ___bank_sound_gbfx_sav_40          sound_gbfx_sav
     00000003  ___bank_sound_gbfx_sav_41          sound_gbfx_sav
     00000003  ___bank_sound_gbfx_sav_42          sound_gbfx_sav
     00000003  ___bank_sound_gbfx_sav_43          sound_gbfx_sav
     00000003  ___bank_sound_gbfx_sav_44          sound_gbfx_sav
     00000003  ___bank_sound_gbfx_sav_45          sound_gbfx_sav
     00000003  ___bank_sound_gbfx_sav_46          sound_gbfx_sav
     00000003  ___bank_sound_gbfx_sav_47          sound_gbfx_sav
     00000003  ___bank_sound_gbfx_sav_48          sound_gbfx_sav
     00000003  b_do_load_palette                  data_manager
     00000003  b_load_background                  data_manager
     00000003  b_load_bkg_tileset                 data_manager
     00000003  b_load_bounds                      data_manager
     00000003  b_load_emote                       data_manager
     00000003  b_load_init                        data_manager
     00000003  b_load_player                      data_manager
     00000003  b_load_scene                       data_manager
     00000003  b_load_sprite                      data_manager
     00000003  b_scroll_init                      scroll
     00000003  b_scroll_repaint                   scroll
     00000003  b_scroll_reset                     scroll
     00000003  b_scroll_update                    scroll
     00000003  b_vm_choice                        vm_ui
     00000003  b_vm_context_prepare               vm_gameboy
ASxxxx Linker V03.00/V05.40 + sdld,  page 6.
Hexadecimal  [32-Bits]

Area                                    Addr        Size        Decimal Bytes (Attributes)
--------------------------------        ----        ----        ------- ----- ------------
.  .ABS.                            00000000    00000000 =           0. bytes (ABS,CON)

      Value  Global                              Global Defined In Module
      -----  --------------------------------   ------------------------
     00000003  b_vm_display_text                  vm_ui
     00000003  b_vm_fade                          vm_gameboy
     00000003  b_vm_get_tile_xy                   vm_gameboy
     00000003  b_vm_input_attach                  vm_gameboy
     00000003  b_vm_input_detach                  vm_gameboy
     00000003  b_vm_input_get                     vm_gameboy
     00000003  b_vm_input_wait                    vm_gameboy
     00000003  b_vm_load_tileset                  vm_gameboy
     00000003  b_vm_overlay_clear                 vm_ui
     00000003  b_vm_overlay_move_to               vm_ui
     00000003  b_vm_overlay_scroll                vm_ui
     00000003  b_vm_overlay_set_map               vm_ui
     00000003  b_vm_overlay_set_scroll            vm_ui
     00000003  b_vm_overlay_set_submap            vm_ui
     00000003  b_vm_overlay_set_submap_ex         vm_ui
     00000003  b_vm_overlay_setpos                vm_ui
     00000003  b_vm_overlay_show                  vm_ui
     00000003  b_vm_overlay_wait                  vm_ui
     00000003  b_vm_poll                          vm_gameboy
     00000003  b_vm_replace_tile                  vm_gameboy
     00000003  b_vm_replace_tile_xy               vm_gameboy
     00000003  b_vm_rumble                        vm_gameboy
     00000003  b_vm_set_font                      vm_ui
     00000003  b_vm_set_sprite_mode               vm_gameboy
     00000003  b_vm_set_sprites_visible           vm_gameboy
     00000003  b_vm_set_text_sound                vm_ui
     00000003  b_vm_switch_text_layer             vm_ui
     00000003  b_vm_timer_prepare                 vm_gameboy
     00000003  b_vm_timer_reset                   vm_gameboy
     00000003  b_vm_timer_set                     vm_gameboy
     00000003  b_vm_timer_stop                    vm_gameboy
     00000003  l__HEADER9                      
     00000003  l__HEADER_LCD0                  
     00000003  l__HRAM12                       
     00000004  ___bank_VM_CAMERA                  vm_camera
     00000004  ___bank_VM_PALETTE                 vm_palette
     00000004  ___bank_bg_2ndfloor_tileset        bg_2ndfloor_tileset
     00000004  ___bank_bg_2ndfloorbridged_tiles   bg_2ndfloorbridged_tileset
     00000004  ___bank_bg_room_tileset            bg_room_tileset
     00000004  ___bank_bg_title_cgb_tileset       bg_title_cgb_tileset
     00000004  ___bank_script_2                   script_2
     00000004  ___bank_sprite_pointer_bank2_til   sprite_pointer_bank2_tileset
     00000004  ___bank_tileset_asdasda            tileset_asdasda
     00000004  ___mute_mask_sound_breath3_wav     sound_breath3_wav
     00000004  __start_save                    
     00000004  b___HandleCrash_banked             
     00000004  b_adventure_init                   adventure
     00000004  b_adventure_update                 adventure
     00000004  b_camera_shake_frames              vm_camera
     00000004  b_core_reset                       core
     00000004  b_core_run                         core
ASxxxx Linker V03.00/V05.40 + sdld,  page 7.
Hexadecimal  [32-Bits]

Area                                    Addr        Size        Decimal Bytes (Attributes)
--------------------------------        ----        ----        ------- ----- ------------
.  .ABS.                            00000000    00000000 =           0. bytes (ABS,CON)

      Value  Global                              Global Defined In Module
      -----  --------------------------------   ------------------------
     00000004  b_data_clear                       load_save
     00000004  b_data_init                        load_save
     00000004  b_data_load                        load_save
     00000004  b_data_peek                        load_save
     00000004  b_data_save                        load_save
     00000004  b_gbprinter_detect                 gbprinter
     00000004  b_gbprinter_print_overlay          gbprinter
     00000004  b_pointnclick_init                 pointnclick
     00000004  b_pointnclick_update               pointnclick
     00000004  b_trigger_activate_at              trigger
     00000004  b_trigger_activate_at_intersecti   trigger
     00000004  b_trigger_at_intersection          trigger
     00000004  b_trigger_at_tile                  trigger
     00000004  b_trigger_interact                 trigger
     00000004  b_trigger_reset                    trigger
     00000004  b_vm_camera_move_to                vm_camera
     00000004  b_vm_camera_set_pos                vm_camera
     00000004  b_vm_load_palette                  vm_palette
     00000004  l__CRASH_HEADER1                
     00000004  l__HEADER_SIO0                  
     00000004  l__HEADER_TIMER0                
     00000005  ___bank_VM_SIO                     vm_sio
     00000005  ___bank_bg_2ndfloor_tilemap        bg_2ndfloor_tilemap
     00000005  ___bank_bg_2ndfloor_tilemap_attr   bg_2ndfloor_tilemap_attr
     00000005  ___bank_bg_2ndfloorbridged_tilem   bg_2ndfloorbridged_tilemap
     00000005  ___bank_bg_2ndfloorbridged_tilem   bg_2ndfloorbridged_tilemap_a
     00000005  ___bank_bg_grid_tilemap            bg_grid_tilemap
     00000005  ___bank_bg_grid_tilemap_attr       bg_grid_tilemap_attr
     00000005  ___bank_bg_grid_tileset            bg_grid_tileset
     00000005  ___bank_bg_living_room_cgb_tiles   bg_living_room_cgb_tileset
     00000005  ___bank_bg_living_room_tilemap     bg_living_room_tilemap
     00000005  ___bank_bg_living_room_tilemap_a   bg_living_room_tilemap_attr
     00000005  ___bank_bg_placeholder_tilemap     bg_placeholder_tilemap
     00000005  ___bank_bg_placeholder_tilemap_a   bg_placeholder_tilemap_attr
     00000005  ___bank_bg_placeholder_tileset_e   bg_placeholder_tileset_east_
     00000005  ___bank_bg_placeholder_tileset_e   bg_placeholder_tileset_east_
     00000005  ___bank_bg_placeholder_tileset_e   bg_placeholder_tileset_east_
     00000005  ___bank_bg_room_tilemap            bg_room_tilemap
     00000005  ___bank_bg_room_tilemap_attr       bg_room_tilemap_attr
     00000005  ___bank_bg_title_tilemap           bg_title_tilemap
     00000005  ___bank_bg_title_tilemap_attr      bg_title_tilemap_attr
     00000005  ___bank_scene_10_sprites           scene_10_sprites
     00000005  ___bank_scene_1_collisions         scene_1_collisions
     00000005  ___bank_scene_3_collisions         scene_3_collisions
     00000005  ___bank_scene_4_init               scene_4_init
     00000005  ___bank_scene_6_collisions         scene_6_collisions
     00000005  ___bank_scene_7_collisions         scene_7_collisions
     00000005  ___bank_scene_8_collisions         scene_8_collisions
     00000005  ___bank_scene_9_collisions         scene_9_collisions
     00000005  ___bank_script_1                   script_1
     00000005  b_atan2                            math_atan2
ASxxxx Linker V03.00/V05.40 + sdld,  page 8.
Hexadecimal  [32-Bits]

Area                                    Addr        Size        Decimal Bytes (Attributes)
--------------------------------        ----        ----        ------- ----- ------------
.  .ABS.                            00000000    00000000 =           0. bytes (ABS,CON)

      Value  Global                              Global Defined In Module
      -----  --------------------------------   ------------------------
     00000005  b_fade_applypalettechange          fade_manager
     00000005  b_fade_in                          fade_manager
     00000005  b_fade_in_modal                    fade_manager
     00000005  b_fade_init                        fade_manager
     00000005  b_fade_out                         fade_manager
     00000005  b_fade_out_modal                   fade_manager
     00000005  b_fade_setspeed                    fade_manager
     00000005  b_fade_update                      fade_manager
     00000005  b_set_sgb_border                   sgb_border
     00000005  b_vm_sio_exchange                  vm_sio
     00000005  b_vm_sio_set_mode                  vm_sio
     00000005  l__CRASH_HEADER0                
     00000005  l__HEADER1                      
     00000006  ___bank_VM_GBPRINTER               vm_gbprinter
     00000006  ___bank_VM_LOAD_SAVE               vm_load_save
     00000006  ___bank_VM_MATH                    vm_math
     00000006  ___bank_VM_MUSIC                   vm_music
     00000006  ___bank_VM_PROJECTILE              vm_projectiles
     00000006  ___bank_VM_RTC                     vm_rtc
     00000006  ___bank_VM_SCENE                   vm_scene
     00000006  ___bank_actor_0_interact           actor_0_interact
     00000006  ___bank_actor_10_interact          actor_10_interact
     00000006  ___bank_actor_13_interact          actor_13_interact
     00000006  ___bank_actor_14_interact          actor_14_interact
     00000006  ___bank_actor_15_interact          actor_15_interact
     00000006  ___bank_actor_16_update            actor_16_update
     00000006  ___bank_actor_1_interact           actor_1_interact
     00000006  ___bank_actor_2_interact           actor_2_interact
     00000006  ___bank_actor_2_update             actor_2_update
     00000006  ___bank_actor_3_interact           actor_3_interact
     00000006  ___bank_actor_3_update             actor_3_update
     00000006  ___bank_actor_4_interact           actor_4_interact
     00000006  ___bank_actor_4_update             actor_4_update
     00000006  ___bank_actor_5_interact           actor_5_interact
     00000006  ___bank_actor_6_interact           actor_6_interact
     00000006  ___bank_actor_9_interact           actor_9_interact
     00000006  ___bank_avatar_font_0              avatar_font_0
     00000006  ___bank_bg_2ndfloor                bg_2ndfloor
     00000006  ___bank_bg_2ndfloorbridged         bg_2ndfloorbridged
     00000006  ___bank_bg_grid                    bg_grid
     00000006  ___bank_bg_living_room             bg_living_room
     00000006  ___bank_bg_placeholder             bg_placeholder
     00000006  ___bank_bg_placeholder_tileset     bg_placeholder_tileset
     00000006  ___bank_bg_placeholder_tileset_e   bg_placeholder_tileset_east_
     00000006  ___bank_bg_room                    bg_room
     00000006  ___bank_bg_title                   bg_title
     00000006  ___bank_bootstrap_script           
     00000006  ___bank_cursor_image               cursor_image
     00000006  ___bank_frame_image                frame_image
     00000006  ___bank_palette_0                  palette_0
     00000006  ___bank_palette_1                  palette_1
ASxxxx Linker V03.00/V05.40 + sdld,  page 9.
Hexadecimal  [32-Bits]

Area                                    Addr        Size        Decimal Bytes (Attributes)
--------------------------------        ----        ----        ------- ----- ------------
.  .ABS.                            00000000    00000000 =           0. bytes (ABS,CON)

      Value  Global                              Global Defined In Module
      -----  --------------------------------   ------------------------
     00000006  ___bank_palette_10                 palette_10
     00000006  ___bank_palette_11                 palette_11
     00000006  ___bank_palette_2                  palette_2
     00000006  ___bank_palette_3                  palette_3
     00000006  ___bank_palette_4                  palette_4
     00000006  ___bank_palette_5                  palette_5
     00000006  ___bank_palette_6                  palette_6
     00000006  ___bank_palette_7                  palette_7
     00000006  ___bank_palette_8                  palette_8
     00000006  ___bank_palette_9                  palette_9
     00000006  ___bank_scene_1                    scene_1
     00000006  ___bank_scene_10                   scene_10
     00000006  ___bank_scene_10_actors            scene_10_actors
     00000006  ___bank_scene_10_collisions        scene_10_collisions
     00000006  ___bank_scene_10_init              scene_10_init
     00000006  ___bank_scene_1_actors             scene_1_actors
     00000006  ___bank_scene_1_init               scene_1_init
     00000006  ___bank_scene_1_sprites            scene_1_sprites
     00000006  ___bank_scene_2                    scene_2
     00000006  ___bank_scene_2_collisions         scene_2_collisions
     00000006  ___bank_scene_2_init               scene_2_init
     00000006  ___bank_scene_2_triggers           scene_2_triggers
     00000006  ___bank_scene_3                    scene_3
     00000006  ___bank_scene_3_actors             scene_3_actors
     00000006  ___bank_scene_3_init               scene_3_init
     00000006  ___bank_scene_3_sprites            scene_3_sprites
     00000006  ___bank_scene_3_triggers           scene_3_triggers
     00000006  ___bank_scene_4                    scene_4
     00000006  ___bank_scene_4_actors             scene_4_actors
     00000006  ___bank_scene_4_collisions         scene_4_collisions
     00000006  ___bank_scene_4_sprites            scene_4_sprites
     00000006  ___bank_scene_4_triggers           scene_4_triggers
     00000006  ___bank_scene_5                    scene_5
     00000006  ___bank_scene_5_actors             scene_5_actors
     00000006  ___bank_scene_5_collisions         scene_5_collisions
     00000006  ___bank_scene_5_init               scene_5_init
     00000006  ___bank_scene_5_sprites            scene_5_sprites
     00000006  ___bank_scene_6                    scene_6
     00000006  ___bank_scene_6_actors             scene_6_actors
     00000006  ___bank_scene_6_init               scene_6_init
     00000006  ___bank_scene_6_sprites            scene_6_sprites
     00000006  ___bank_scene_7                    scene_7
     00000006  ___bank_scene_7_actors             scene_7_actors
     00000006  ___bank_scene_7_init               scene_7_init
     00000006  ___bank_scene_7_sprites            scene_7_sprites
     00000006  ___bank_scene_8                    scene_8
     00000006  ___bank_scene_8_init               scene_8_init
     00000006  ___bank_scene_8_triggers           scene_8_triggers
     00000006  ___bank_scene_9                    scene_9
     00000006  ___bank_scene_9_init               scene_9_init
     00000006  ___bank_scene_9_triggers           scene_9_triggers
ASxxxx Linker V03.00/V05.40 + sdld,  page 10.
Hexadecimal  [32-Bits]

Area                                    Addr        Size        Decimal Bytes (Attributes)
--------------------------------        ----        ----        ------- ----- ------------
.  .ABS.                            00000000    00000000 =           0. bytes (ABS,CON)

      Value  Global                              Global Defined In Module
      -----  --------------------------------   ------------------------
     00000006  ___bank_script_engine_init         
     00000006  ___bank_script_input               script_input
     00000006  ___bank_sprite_actor_animated      sprite_actor_animated
     00000006  ___bank_sprite_actor_animated_ba   sprite_actor_animated_bank2_
     00000006  ___bank_sprite_actor_animated_ti   sprite_actor_animated_tilese
     00000006  ___bank_sprite_empty               sprite_empty
     00000006  ___bank_sprite_eyes                sprite_eyes
     00000006  ___bank_sprite_eyes_tileset        sprite_eyes_tileset
     00000006  ___bank_sprite_knight              sprite_knight
     00000006  ___bank_sprite_knight_bank2_tile   sprite_knight_bank2_tileset
     00000006  ___bank_sprite_knight_tileset      sprite_knight_tileset
     00000006  ___bank_sprite_pointer             sprite_pointer
     00000006  ___bank_sprite_pointer_tileset     sprite_pointer_tileset
     00000006  ___bank_sprite_smallpointer        sprite_smallpointer
     00000006  ___bank_sprite_smallpointer_tile   sprite_smallpointer_tileset
     00000006  ___bank_sprite_sprite_0004         sprite_sprite_0004
     00000006  ___bank_sprite_sprite_0004_bank2   sprite_sprite_0004_bank2_til
     00000006  ___bank_sprite_sprite_0004_tiles   sprite_sprite_0004_tileset
     00000006  ___bank_sprite_woman               sprite_woman
     00000006  ___bank_sprite_woman_bank2_tiles   sprite_woman_bank2_tileset
     00000006  ___bank_sprite_woman_tileset       sprite_woman_tileset
     00000006  ___bank_spritesheet_none           spritesheet_none
     00000006  ___bank_tileset_default_frame      tileset_default_frame
     00000006  ___bank_trigger_0_interact         trigger_0_interact
     00000006  ___bank_trigger_1_interact         trigger_1_interact
     00000006  ___bank_trigger_2_interact         trigger_2_interact
     00000006  ___bank_trigger_3_interact         trigger_3_interact
     00000006  ___bank_trigger_4_interact         trigger_4_interact
     00000006  ___bank_trigger_5_interact         trigger_5_interact
     00000006  b_CGBZeroPalette                   palette
     00000006  b_SIO_init                         sio
     00000006  b_camera_init                      camera
     00000006  b_erase_flash                      
     00000006  b_events_init                      events
     00000006  b_input_init                       input
     00000006  b_itoa_fmt                         vm_ui_a
     00000006  b_logo_init                        logo
     00000006  b_logo_update                      logo
     00000006  b_music_events_poll                music_manager
     00000006  b_music_init_driver                music_manager
     00000006  b_music_init_events                music_manager
     00000006  b_palette_init                     palette
     00000006  b_remove_LCD_ISRs                  interrupts
     00000006  b_restore_sram                     flasher
     00000006  b_restore_sram_bank                flasher
     00000006  b_save_sram                        flasher
     00000006  b_save_sram_banks                  
     00000006  b_scroll_rect                      
     00000006  b_timers_init                      events
     00000006  b_vm_cos_scale                     vm_math
     00000006  b_vm_music_mute                    vm_music
ASxxxx Linker V03.00/V05.40 + sdld,  page 11.
Hexadecimal  [32-Bits]

Area                                    Addr        Size        Decimal Bytes (Attributes)
--------------------------------        ----        ----        ------- ----- ------------
.  .ABS.                            00000000    00000000 =           0. bytes (ABS,CON)

      Value  Global                              Global Defined In Module
      -----  --------------------------------   ------------------------
     00000006  b_vm_music_play                    vm_music
     00000006  b_vm_music_routine                 vm_music
     00000006  b_vm_music_setpos                  vm_music
     00000006  b_vm_music_stop                    vm_music
     00000006  b_vm_print_detect                  vm_gbprinter
     00000006  b_vm_print_overlay                 vm_gbprinter
     00000006  b_vm_projectile_launch             vm_projectiles
     00000006  b_vm_projectile_load_type          vm_projectiles
     00000006  b_vm_rtc_get                       vm_rtc
     00000006  b_vm_rtc_latch                     vm_rtc
     00000006  b_vm_rtc_set                       vm_rtc
     00000006  b_vm_rtc_start                     vm_rtc
     00000006  b_vm_save_clear                    vm_load_save
     00000006  b_vm_save_peek                     vm_load_save
     00000006  b_vm_scene_pop                     vm_scene
     00000006  b_vm_scene_pop_all                 vm_scene
     00000006  b_vm_scene_push                    vm_scene
     00000006  b_vm_scene_stack_reset             vm_scene
     00000006  b_vm_sfx_play                      vm_music
     00000006  b_vm_sin_scale                     vm_math
     00000006  b_vm_sound_mastervol               vm_music
     00000006  l__HEADER8                      
     00000007  l__HEADER2                      
     00000008  ___mute_mask_sound_gbfx_sav_16     sound_gbfx_sav
     00000008  ___mute_mask_sound_gbfx_sav_17     sound_gbfx_sav
     00000008  ___mute_mask_sound_gbfx_sav_18     sound_gbfx_sav
     00000008  ___mute_mask_sound_gbfx_sav_19     sound_gbfx_sav
     00000008  ___mute_mask_sound_gbfx_sav_20     sound_gbfx_sav
     00000008  ___mute_mask_sound_gbfx_sav_21     sound_gbfx_sav
     00000008  ___mute_mask_sound_gbfx_sav_22     sound_gbfx_sav
     00000008  ___mute_mask_sound_gbfx_sav_23     sound_gbfx_sav
     00000008  ___mute_mask_sound_gbfx_sav_24     sound_gbfx_sav
     00000008  ___mute_mask_sound_gbfx_sav_25     sound_gbfx_sav
     00000008  ___mute_mask_sound_gbfx_sav_26     sound_gbfx_sav
     00000008  ___mute_mask_sound_gbfx_sav_27     sound_gbfx_sav
     00000008  ___mute_mask_sound_gbfx_sav_28     sound_gbfx_sav
     00000008  ___mute_mask_sound_gbfx_sav_29     sound_gbfx_sav
     00000008  ___mute_mask_sound_gbfx_sav_30     sound_gbfx_sav
     00000008  ___mute_mask_sound_gbfx_sav_31     sound_gbfx_sav
     00000008  l__HEADER3                      
     0000000A  ___mute_mask_sound_gbfx_sav_40     sound_gbfx_sav
     0000000A  ___mute_mask_sound_gbfx_sav_41     sound_gbfx_sav
     0000000A  ___mute_mask_sound_gbfx_sav_42     sound_gbfx_sav
     0000000A  ___mute_mask_sound_gbfx_sav_43     sound_gbfx_sav
     0000000A  ___mute_mask_sound_gbfx_sav_44     sound_gbfx_sav
     0000000A  ___mute_mask_sound_gbfx_sav_45     sound_gbfx_sav
     0000000A  ___mute_mask_sound_gbfx_sav_46     sound_gbfx_sav
     0000000A  ___mute_mask_sound_gbfx_sav_47     sound_gbfx_sav
     00000019  l__INITIALIZED                  
     00000019  l__INITIALIZER                  
     00000027  l__GSINIT                       
ASxxxx Linker V03.00/V05.40 + sdld,  page 12.
Hexadecimal  [32-Bits]

Area                                    Addr        Size        Decimal Bytes (Attributes)
--------------------------------        ----        ----        ------- ----- ------------
.  .ABS.                            00000000    00000000 =           0. bytes (ABS,CON)

      Value  Global                              Global Defined In Module
      -----  --------------------------------   ------------------------
     00000030  l__HEADER7                      
     00000060  l__HEADER4                      
     000000AB  l__HEADER11                     
     000001CB  l__CRASH_SCRATCH2               
     00000200  s__CODE                         
     00000EC8  l__CODE                         
     000010C8  s__HOME                         
     00001971  l__DATA                         
     00002000  _rROMB0                            
     00002D53  l__HOME                         
     00002E8A  l__CODE_6                       
     00003000  _rROMB1                            
     00003E1B  s__BASE                         
     00003E1B  s__CODE_0                       
     00003E1B  s__INITIALIZER                  
     00003E1B  s__LIT                          
     00003E34  s__GSINIT                       
     00003E5B  s__GSFINAL                      
     00003FFF  l__CODE_2                       
     00003FFF  l__CODE_4                       
     00003FFF  l__CODE_5                       
     00004000  _RTC_SELECT_REG                    vm_rtc
     00004000  _rRAMB                             
     00004000  l__CODE_1                       
     00004000  l__CODE_3                       
     00006000  _RTC_LATCH_REG                     vm_rtc
     00008000  __VRAM                             
     00008000  __VRAM8000                         
     00008800  __VRAM8800                         
     00009000  __VRAM9000                         
     00009800  __SCRN0                            
     00009C00  __SCRN1                            
     0000A000  _RTC_VALUE_REG                     vm_rtc
     0000A000  __SRAM                             
     0000C000  __RAM                              
     0000C000  _shadow_OAM                     
     0000C0A0  s__DATA                         
     0000D000  __RAMBANK                          
     0000DA11  s__BSS                          
     0000DA11  s__INITIALIZED                  
     0000DA2A  s__HEAP                         
     0000DA2A  s__HEAP_END                     
     0000DF00  .STACK                          
     0000DF00  _shadow_OAM2                       absolute
     0000DFA0  _BkgPalette                        absolute
     0000DFE0  _vwf_tile_data                     absolute
     0000FE00  __OAMRAM                           
     0000FF00  _P1_REG                            
     0000FF00  __IO                               
     0000FF01  _SB_REG                            
     0000FF02  _SC_REG                            
ASxxxx Linker V03.00/V05.40 + sdld,  page 13.
Hexadecimal  [32-Bits]

Area                                    Addr        Size        Decimal Bytes (Attributes)
--------------------------------        ----        ----        ------- ----- ------------
.  .ABS.                            00000000    00000000 =           0. bytes (ABS,CON)

      Value  Global                              Global Defined In Module
      -----  --------------------------------   ------------------------
     0000FF04  _DIV_REG                           
     0000FF05  _TIMA_REG                          
     0000FF06  _TMA_REG                           
     0000FF07  _TAC_REG                           
     0000FF0F  _IF_REG                            
     0000FF10  _NR10_REG                          
     0000FF11  _NR11_REG                          
     0000FF12  _NR12_REG                          
     0000FF13  _NR13_REG                          
     0000FF14  _NR14_REG                          
     0000FF16  _NR21_REG                          
     0000FF17  _NR22_REG                          
     0000FF18  _NR23_REG                          
     0000FF19  _NR24_REG                          
     0000FF1A  _NR30_REG                          
     0000FF1B  _NR31_REG                          
     0000FF1C  _NR32_REG                          
     0000FF1D  _NR33_REG                          
     0000FF1E  _NR34_REG                          
     0000FF20  _NR41_REG                          
     0000FF21  _NR42_REG                          
     0000FF22  _NR43_REG                          
     0000FF23  _NR44_REG                          
     0000FF24  _NR50_REG                          
     0000FF25  _NR51_REG                          
     0000FF26  _NR52_REG                          
     0000FF30  _AUD3WAVE                          
     0000FF30  _PCM_SAMPLE                        
     0000FF30  __AUD3WAVERAM                      
     0000FF40  _LCDC_REG                          
     0000FF41  _STAT_REG                          
     0000FF42  _SCY_REG                           
     0000FF43  _SCX_REG                           
     0000FF44  _LY_REG                            
     0000FF45  _LYC_REG                           
     0000FF46  _DMA_REG                           
     0000FF47  _BGP_REG                           
     0000FF48  _OBP0_REG                          
     0000FF49  _OBP1_REG                          
     0000FF4A  _WY_REG                            
     0000FF4B  _WX_REG                            
     0000FF4D  _KEY1_REG                          
     0000FF4F  _VBK_REG                           
     0000FF51  _HDMA1_REG                         
     0000FF52  _HDMA2_REG                         
     0000FF53  _HDMA3_REG                         
     0000FF54  _HDMA4_REG                         
     0000FF55  _HDMA5_REG                         
     0000FF56  _RP_REG                            
     0000FF68  _BCPS_REG                          
     0000FF69  _BCPD_REG                          
ASxxxx Linker V03.00/V05.40 + sdld,  page 14.
Hexadecimal  [32-Bits]

Area                                    Addr        Size        Decimal Bytes (Attributes)
--------------------------------        ----        ----        ------- ----- ------------
.  .ABS.                            00000000    00000000 =           0. bytes (ABS,CON)

      Value  Global                              Global Defined In Module
      -----  --------------------------------   ------------------------
     0000FF6A  _OCPS_REG                          
     0000FF6B  _OCPD_REG                          
     0000FF70  _SVBK_REG                          
     0000FF76  _PCM12_REG                         
     0000FF77  _PCM34_REG                         
     0000FF80  .refresh_OAM                    
     0000FF80  __HRAM                             
     0000FFFF  _IE_REG                            
     00014000  s__CODE_1                       
     00024000  s__CODE_2                       
     00034000  s__CODE_3                       
     00044000  s__CODE_4                       
     00054000  s__CODE_5                       
     00064000  s__CODE_6                       

ASxxxx Linker V03.00/V05.40 + sdld,  page 15.
Hexadecimal  [32-Bits]

Area                                    Addr        Size        Decimal Bytes (Attributes)
--------------------------------        ----        ----        ------- ----- ------------
_CODE                               00000200    00000EC8 =        3784. bytes (REL,CON)

      Value  Global                              Global Defined In Module
      -----  --------------------------------   ------------------------
     00000200  ___HandleCrash                     
     0000020A  _SIO_send_byte                     
     0000021D  _SIO_receive                       
     0000022E  _GetWinAddr                        
     00000236  _GetBkgAddr                        
     00000244  _state_init                        
     00000249  _state_update                      
     0000026B  _ui_time_masks                     
     00000273  _ui_print_shift_char               
     000002F6  _ui_draw_frame_row                 
     000002FF  .ui_draw_frame_row                 
     00000328  _script_cmds                       vm_instructions
     00000560  _save_signature                    game_signature
     00000564  _start_scene_x                     
     00000566  _start_scene_y                     
     00000568  _start_scene_dir                   
     00000569  _start_scene                       
     0000056C  _start_player_move_speed           
     0000056D  _start_player_anim_tick            
     0000056E  _ui_fonts                          
     00000574  _core_reset_hook                   main
     0000057C  _main                              main
     00000584  _state_start_fns                   
     00000590  _state_update_fns                  
     0000059C  _hUGE_init                         hUGEDriver_obj
     0000059E  hUGE_init                          hUGEDriver_obj
     000005F4  _hUGE_mute_channel                 hUGEDriver_obj
     000005F6  hUGE_mute_channel                  hUGEDriver_obj
     00000844  _hUGE_set_position                 hUGEDriver_obj
     00000846  hUGE_set_position                  hUGEDriver_obj
     00000A0B  _hUGE_dosound                      hUGEDriver_obj
     00000A0B  hUGE_dosound                       hUGEDriver_obj
     00000D37  _get_vram_byte                     
     00000D3F  _get_win_tile_xy                   
     00000D47  _get_bkg_tile_xy                   
     00000D6E  _set_sprite_palette                CGB
     00000D73  _set_bkg_palette                   CGB
     00000D76  .set_palette                       CGB
     00000D95  _set_sprite_palette_entry          CGB
     00000D9A  _set_bkg_palette_entry             CGB
     00000D9D  .set_palette_entry                 CGB
     00000DB9  _hide_sprites_range                Metasprites
     00000DE8  __mulsuchar                        mul
     00000DEB  __muluschar                        mul
     00000DF4  __mulschar                         mul
     00000DFC  __mulint                           mul
     00000E1B  __muluchar                         mul
     00000E2D  _set_vram_byte                     
     00000E36  _set_win_tile_xy                   
     00000E3F  _set_bkg_tile_xy                   
ASxxxx Linker V03.00/V05.40 + sdld,  page 16.
Hexadecimal  [32-Bits]

Area                                    Addr        Size        Decimal Bytes (Attributes)
--------------------------------        ----        ----        ------- ----- ------------
_CODE                               00000200    00000EC8 =        3784. bytes (REL,CON)

      Value  Global                              Global Defined In Module
      -----  --------------------------------   ------------------------
     00000E6E  .sgb_check                         
     00000E6E  _sgb_check                         
     00000EB6  _sgb_transfer                      
     00000EBB  .sgb_transfer                      
     00000EFC  .copy_vram                         
     00000F02  _get_data                          
     00000F02  _set_data                          
     00000F02  _vmemcpy                           
     00000F50  ___move_metasprite                 Metasprites
     00000F8D  ___memcpy                          
     00000F8D  _memcpy                            
     00000FBF  _cpu_slow                          CGB
     00000FDA  _cpu_fast                          CGB
     00000FE1  __divsuchar                        divmod
     00000FE7  __modsuchar                        divmod
     00000FF0  __divuschar                        divmod
     00000FF9  __moduschar                        divmod
     00001005  __divschar                         divmod
     0000100A  __modschar                         divmod
     00001011  __divsint                          divmod
     0000101A  __modsint                          divmod
     00001026  __divuchar                         divmod
     0000102B  __moduchar                         divmod
     00001032  __divuint                          divmod
     0000103B  __moduint                          divmod
     00001047  .div8                              divmod
     00001047  .mod8                              divmod
     0000104F  .div16                             divmod
     0000104F  .mod16                             divmod
     00001085  .divu8                             divmod
     00001085  .modu8                             divmod
     00001088  .divu16                            divmod
     00001088  .modu16                            divmod

ASxxxx Linker V03.00/V05.40 + sdld,  page 17.
Hexadecimal  [32-Bits]

Area                                    Addr        Size        Decimal Bytes (Attributes)
--------------------------------        ----        ----        ------- ----- ------------
_HEADER0                            00000000    00000001 =           1. bytes (ABS,CON)

      Value  Global                              Global Defined In Module
      -----  --------------------------------   ------------------------
     00000020  .call_hl                           Runtime

ASxxxx Linker V03.00/V05.40 + sdld,  page 18.
Hexadecimal  [32-Bits]

Area                                    Addr        Size        Decimal Bytes (Attributes)
--------------------------------        ----        ----        ------- ----- ------------
_HEADER1                            00000000    00000005 =           5. bytes (ABS,CON)

      Value  Global                              Global Defined In Module
      -----  --------------------------------   ------------------------
     00000028  .MemsetSmall                       Runtime

ASxxxx Linker V03.00/V05.40 + sdld,  page 19.
Hexadecimal  [32-Bits]

Area                                    Addr        Size        Decimal Bytes (Attributes)
--------------------------------        ----        ----        ------- ----- ------------
_HEADER2                            00000000    00000007 =           7. bytes (ABS,CON)

      Value  Global                              Global Defined In Module
      -----  --------------------------------   ------------------------
     00000030  .MemcpySmall                       Runtime

ASxxxx Linker V03.00/V05.40 + sdld,  page 20.
Hexadecimal  [32-Bits]

Area                                    Addr        Size        Decimal Bytes (Attributes)
--------------------------------        ----        ----        ------- ----- ------------
_HEADER3                            00000000    00000008 =           8. bytes (ABS,CON)

      Value  Global                              Global Defined In Module
      -----  --------------------------------   ------------------------
ASxxxx Linker V03.00/V05.40 + sdld,  page 21.
Hexadecimal  [32-Bits]

Area                                    Addr        Size        Decimal Bytes (Attributes)
--------------------------------        ----        ----        ------- ----- ------------
_HEADER4                            00000000    00000060 =          96. bytes (ABS,CON)

      Value  Global                              Global Defined In Module
      -----  --------------------------------   ------------------------
     00000080  .int                               Runtime
     0000008F  _wait_int_handler                  Runtime
     0000009C  __standard_VBL_handler             Runtime
     000000AB  _refresh_OAM                       Runtime
     000000CC  _set_interrupts                    Runtime

ASxxxx Linker V03.00/V05.40 + sdld,  page 22.
Hexadecimal  [32-Bits]

Area                                    Addr        Size        Decimal Bytes (Attributes)
--------------------------------        ----        ----        ------- ----- ------------
_HEADER5                            00000000    00000001 =           1. bytes (ABS,CON)

      Value  Global                              Global Defined In Module
      -----  --------------------------------   ------------------------
ASxxxx Linker V03.00/V05.40 + sdld,  page 23.
Hexadecimal  [32-Bits]

Area                                    Addr        Size        Decimal Bytes (Attributes)
--------------------------------        ----        ----        ------- ----- ------------
_HEADER6                            00000000    00000002 =           2. bytes (ABS,CON)

      Value  Global                              Global Defined In Module
      -----  --------------------------------   ------------------------
ASxxxx Linker V03.00/V05.40 + sdld,  page 24.
Hexadecimal  [32-Bits]

Area                                    Addr        Size        Decimal Bytes (Attributes)
--------------------------------        ----        ----        ------- ----- ------------
_HEADER7                            00000000    00000030 =          48. bytes (ABS,CON)

      Value  Global                              Global Defined In Module
      -----  --------------------------------   ------------------------
ASxxxx Linker V03.00/V05.40 + sdld,  page 25.
Hexadecimal  [32-Bits]

Area                                    Addr        Size        Decimal Bytes (Attributes)
--------------------------------        ----        ----        ------- ----- ------------
_HEADER8                            00000000    00000006 =           6. bytes (ABS,CON)

      Value  Global                              Global Defined In Module
      -----  --------------------------------   ------------------------
ASxxxx Linker V03.00/V05.40 + sdld,  page 26.
Hexadecimal  [32-Bits]

Area                                    Addr        Size        Decimal Bytes (Attributes)
--------------------------------        ----        ----        ------- ----- ------------
_HEADER9                            00000000    00000003 =           3. bytes (ABS,CON)

      Value  Global                              Global Defined In Module
      -----  --------------------------------   ------------------------
ASxxxx Linker V03.00/V05.40 + sdld,  page 27.
Hexadecimal  [32-Bits]

Area                                    Addr        Size        Decimal Bytes (Attributes)
--------------------------------        ----        ----        ------- ----- ------------
_HEADERa                            00000000    00000001 =           1. bytes (ABS,CON)

      Value  Global                              Global Defined In Module
      -----  --------------------------------   ------------------------
ASxxxx Linker V03.00/V05.40 + sdld,  page 28.
Hexadecimal  [32-Bits]

Area                                    Addr        Size        Decimal Bytes (Attributes)
--------------------------------        ----        ----        ------- ----- ------------
_HEADERb                            00000000    00000001 =           1. bytes (ABS,CON)

      Value  Global                              Global Defined In Module
      -----  --------------------------------   ------------------------
ASxxxx Linker V03.00/V05.40 + sdld,  page 29.
Hexadecimal  [32-Bits]

Area                                    Addr        Size        Decimal Bytes (Attributes)
--------------------------------        ----        ----        ------- ----- ------------
_HEADERc                            00000000    00000001 =           1. bytes (ABS,CON)

      Value  Global                              Global Defined In Module
      -----  --------------------------------   ------------------------
ASxxxx Linker V03.00/V05.40 + sdld,  page 30.
Hexadecimal  [32-Bits]

Area                                    Addr        Size        Decimal Bytes (Attributes)
--------------------------------        ----        ----        ------- ----- ------------
_HEADERd                            00000000    00000002 =           2. bytes (ABS,CON)

      Value  Global                              Global Defined In Module
      -----  --------------------------------   ------------------------
ASxxxx Linker V03.00/V05.40 + sdld,  page 31.
Hexadecimal  [32-Bits]

Area                                    Addr        Size        Decimal Bytes (Attributes)
--------------------------------        ----        ----        ------- ----- ------------
_HEADERe                            00000000    00000001 =           1. bytes (ABS,CON)

      Value  Global                              Global Defined In Module
      -----  --------------------------------   ------------------------
ASxxxx Linker V03.00/V05.40 + sdld,  page 32.
Hexadecimal  [32-Bits]

Area                                    Addr        Size        Decimal Bytes (Attributes)
--------------------------------        ----        ----        ------- ----- ------------
_HEADERf                            00000000    00000001 =           1. bytes (ABS,CON)

      Value  Global                              Global Defined In Module
      -----  --------------------------------   ------------------------
ASxxxx Linker V03.00/V05.40 + sdld,  page 33.
Hexadecimal  [32-Bits]

Area                                    Addr        Size        Decimal Bytes (Attributes)
--------------------------------        ----        ----        ------- ----- ------------
_HEADER10                           00000000    00000002 =           2. bytes (ABS,CON)

      Value  Global                              Global Defined In Module
      -----  --------------------------------   ------------------------
ASxxxx Linker V03.00/V05.40 + sdld,  page 34.
Hexadecimal  [32-Bits]

Area                                    Addr        Size        Decimal Bytes (Attributes)
--------------------------------        ----        ----        ------- ----- ------------
_HEADER11                           00000000    000000AB =         171. bytes (ABS,CON)

      Value  Global                              Global Defined In Module
      -----  --------------------------------   ------------------------
     00000150  .reset                             Runtime
     00000150  _reset                             Runtime
     00000157  .code_start                        Runtime
     000001B9  _exit                              Runtime
     000001BD  .wait_vbl_done                     Runtime
     000001BD  _vsync                             Runtime
     000001BD  _wait_vbl_done                     Runtime
     000001CD  .remove_VBL                        Runtime
     000001CD  _remove_VBL                        Runtime
     000001D0  .remove_int                        Runtime
     000001ED  .add_VBL                           Runtime
     000001ED  _add_VBL                           Runtime
     000001F0  .add_int                           Runtime

ASxxxx Linker V03.00/V05.40 + sdld,  page 35.
Hexadecimal  [32-Bits]

Area                                    Addr        Size        Decimal Bytes (Attributes)
--------------------------------        ----        ----        ------- ----- ------------
_HOME                               000010C8    00002D53 =       11603. bytes (REL,CON)

      Value  Global                              Global Defined In Module
      -----  --------------------------------   ------------------------
     000010C8  .memset_simple                     Runtime
     000010D1  .memcpy_simple                     Runtime
     000010EE  .display_off                       Runtime
     000010EE  _display_off                       Runtime
     00001106  _actors_update                     actor
     0000156C  _SetBankedBkgData                  bankdata
     00001588  _SetBankedSpriteData               bankdata
     000015A4  _SetBankedBkgTiles                 bankdata
     000015C0  _SetBankedWinTiles                 bankdata
     000015DC  _ReadBankedFarPtr                  bankdata
     000015FE  _ReadBankedUWORD                   bankdata
     00001618  _MemcpyBanked                      bankdata
     0000163A  _MemcpyVRAMBanked                  bankdata
     00001669  _IndexOfFarPtr                     bankdata
     000016EE  _camera_update                     camera
     00001821  _load_animations                   data_manager
     0000187A  _events_update                     events
     0000194D  _timers_update                     events
     000019D6  _input_update                      input
     000019F9  .sio_ISR                           
     00001A53  .timer_ISR                         
     00001A68  _simple_LCD_isr                    interrupts
     00001AE7  _fullscreen_LCD_isr                interrupts
     00001B13  _VBL_isr                           interrupts
     00001B5D  _isqrt                             math
     00001BBA  _sine_wave                         math
     00001CBA  _dir_lookup                        math
     00001CC2  _dir_angle_lookup                  math
     00001CC6  _hUGETrackerRoutine                music_manager
     00001CED  _music_events_update               music_manager
     00001D6F  _music_play_isr                    music_manager
     00001E10  _parallax_LCD_isr                  parallax
     00001E4D  _projectiles_update                projectiles
     000022CE  _projectiles_render                projectiles
     00002423  _scroll_load_pending_row           scroll
     000024A9  _scroll_load_row                   scroll
     0000251E  _scroll_load_col                   scroll
     00002587  _scroll_load_pending_col           scroll
     0000260F  _set_bkg_submap                    
     00002652  _set_xy_win_submap                 
     0000267F  .set_xy_win_submap                 
     00002688  .set_xy_bkg_submap                 
     00002697  .set_xy_submap                     
     000026E3  _sfx_play_isr                      sfx_player
     000027BC  _on_SIO_receive                    sio
     000027FD  _SIO_update                        sio
     00002864  _ui_update                         ui
     0000299C  _vm_sgb_transfer                   vm_sgb
     000029E9  _vm_load_text                      vm_ui
     00002C3F  _vm_switch                         vm
ASxxxx Linker V03.00/V05.40 + sdld,  page 36.
Hexadecimal  [32-Bits]

Area                                    Addr        Size        Decimal Bytes (Attributes)
--------------------------------        ----        ----        ------- ----- ------------
_HOME                               000010C8    00002D53 =       11603. bytes (REL,CON)

      Value  Global                              Global Defined In Module
      -----  --------------------------------   ------------------------
     00002D70  _vm_beginthread                    vm
     00002E94  _vm_rpn                            vm
     000038AC  _vm_get_far                        vm
     0000391A  _vm_call_native                    vm
     0000392D  _VM_STEP                           vm
     00003997  _script_runner_update              vm
     00003AFC  _fill_win_rect                     
     00003B0E  _rand                              
     00003B0E  _randw                             
     00003B39  _initrand                          
     00003B3B  .initrand                          
     00003B44  _get_bkg_data                      
     00003B44  _get_win_data                      
     00003B91  _get_sprite_data                   
     00003BC4  _abs                               abs
     00003BD1  _set_win_tiles                     
     00003BE5  _set_tile_data                     
     00003BEA  _set_bkg_data                      
     00003BEA  _set_win_data                      
     00003BF2  _set_sprite_data                   
     00003C22  _reverse                           reverse
     00003C56  ___call__banked                    far_ptr
     00003C73  _to_far_ptr                        far_ptr
     00003CA9  .add_LCD                           
     00003CA9  _add_LCD                           
     00003CAF  .remove_LCD                        
     00003CAF  _remove_LCD                        
     00003CB5  .fill_rect_wtt                     
     00003CBE  .fill_rect_btt                     
     00003D0B  _fill_bkg_rect                     
     00003D1D  .padup                             
     00003D1D  _waitpadup                         
     00003D2D  .jpad                              
     00003D2D  _joypad                            
     00003D55  _waitpad                           
     00003D56  .wait_pad                          
     00003D5D  ___sdcc_call_hl                    call_hl
     00003D5E  _memset                            memset
     00003D91  .set_xy_wtt                        SetTileMap
     00003D9A  .set_xy_btt                        SetTileMap
     00003DA9  .set_xy_tt                         SetTileMap
     00003DED  ___sdcc_bcall_ehl                  
     00003E07  _set_bkg_tiles                     
ASxxxx Linker V03.00/V05.40 + sdld,  page 37.
Hexadecimal  [32-Bits]

Area                                    Addr        Size        Decimal Bytes (Attributes)
--------------------------------        ----        ----        ------- ----- ------------
_INITIALIZER                        00003E1B    00000019 =          25. bytes (REL,CON)

      Value  Global                              Global Defined In Module
      -----  --------------------------------   ------------------------
ASxxxx Linker V03.00/V05.40 + sdld,  page 38.
Hexadecimal  [32-Bits]

Area                                    Addr        Size        Decimal Bytes (Attributes)
--------------------------------        ----        ----        ------- ----- ------------
_GSINIT                             00003E34    00000027 =          39. bytes (REL,CON)

      Value  Global                              Global Defined In Module
      -----  --------------------------------   ------------------------
     00003E34  gsinit                             Runtime

ASxxxx Linker V03.00/V05.40 + sdld,  page 39.
Hexadecimal  [32-Bits]

Area                                    Addr        Size        Decimal Bytes (Attributes)
--------------------------------        ----        ----        ------- ----- ------------
_GSFINAL                            00003E5B    00000001 =           1. bytes (REL,CON)

      Value  Global                              Global Defined In Module
      -----  --------------------------------   ------------------------
ASxxxx Linker V03.00/V05.40 + sdld,  page 40.
Hexadecimal  [32-Bits]

Area                                    Addr        Size        Decimal Bytes (Attributes)
--------------------------------        ----        ----        ------- ----- ------------
_DATA                               0000C0A0    00001971 =        6513. bytes (REL,CON)

      Value  Global                              Global Defined In Module
      -----  --------------------------------   ------------------------
     0000C0A0  __cpu                              Runtime
     0000C0A1  __is_GBA                           Runtime
     0000C0A2  .mode                              Runtime
     0000C0A3  .sys_time                          Runtime
     0000C0A3  _sys_time                          Runtime
     0000C0A5  .int_0x40                          Runtime
     0000C0B1  _actors                            actor
     0000C4F5  _actors_active_head                actor
     0000C4F7  _actors_active_tail                actor
     0000C4F9  _actors_inactive_head              actor
     0000C4FB  _screen_x                          actor
     0000C4FC  _screen_y                          actor
     0000C4FD  _invalid                           actor
     0000C4FF  _player_moving                     actor
     0000C500  _player_iframes                    actor
     0000C501  _player_collision_actor            actor
     0000C503  _emote_actor                       actor
     0000C505  _emote_timer                       actor
     0000C506  _allocated_sprite_tiles            actor
     0000C507  _allocated_hardware_sprites        actor
     0000C514  _camera_x                          camera
     0000C516  _camera_y                          camera
     0000C518  _camera_offset_x                   camera
     0000C519  _camera_offset_y                   camera
     0000C51A  _camera_deadzone_x                 camera
     0000C51B  _camera_deadzone_y                 camera
     0000C51C  _camera_settings                   camera
     0000C520  _current_scene                     data_manager
     0000C523  _image_bank                        data_manager
     0000C524  _image_ptr                         data_manager
     0000C526  _image_attr_bank                   data_manager
     0000C527  _image_attr_ptr                    data_manager
     0000C529  _collision_bank                    data_manager
     0000C52A  _collision_ptr                     data_manager
     0000C52C  _image_tile_width                  data_manager
     0000C52D  _image_tile_height                 data_manager
     0000C52E  _image_width                       data_manager
     0000C530  _image_height                      data_manager
     0000C532  _sprites_len                       data_manager
     0000C533  _actors_len                        data_manager
     0000C534  _projectiles_len                   data_manager
     0000C535  _player_sprite_len                 data_manager
     0000C536  _scene_type                        data_manager
     0000C537  _scene_LCD_type                    data_manager
     0000C538  _scene_stack                       data_manager
     0000C578  _scene_stack_ptr                   data_manager
     0000C57A  _scene_sprites_base_tiles          data_manager
     0000C5BA  _input_events                      events
     0000C5E2  _input_slots                       events
     0000C5EA  _timer_events                      events
ASxxxx Linker V03.00/V05.40 + sdld,  page 41.
Hexadecimal  [32-Bits]

Area                                    Addr        Size        Decimal Bytes (Attributes)
--------------------------------        ----        ----        ------- ----- ------------
_DATA                               0000C0A0    00001971 =        6513. bytes (REL,CON)

      Value  Global                              Global Defined In Module
      -----  --------------------------------   ------------------------
     0000C5FE  _timer_values                      events
     0000C606  _fade_running                      fade_manager
     0000C607  _fade_frames_per_step              fade_manager
     0000C608  _fade_timer                        fade_manager
     0000C610  _joypads                           input
     0000C615  _frame_joy                         input
     0000C616  _last_joy                          input
     0000C617  _recent_joy                        input
     0000C618  _SIO_status                        
     0000C619  _link_byte_sent                    
     0000C61A  _link_next_mode                    
     0000C61B  _save_blob_size                    load_save
     0000C61D  _routine_queue                     music_manager
     0000C621  _routine_queue_head                music_manager
     0000C622  _routine_queue_tail                music_manager
     0000C623  _music_events                      music_manager
     0000C637  _music_current_track_bank          music_manager
     0000C638  _music_mute_mask                   music_manager
     0000C639  _music_effective_mute              music_manager
     0000C63A  _music_next_track                  music_manager
     0000C63C  _music_current_track               music_manager
     0000C63E  _music_play_isr_counter            music_manager
     0000C63F  _music_play_isr_pause              music_manager
     0000C640  _music_global_mute_mask            music_manager
     0000C641  _music_sfx_priority                music_manager
     0000C642  _DMG_palette                       palette
     0000C645  _SprPalette                        palette
     0000C685  _parallax_rows                     parallax
     0000C697  _parallax_row                      parallax
     0000C699  _projectiles                       projectiles
     0000C752  _projectile_defs                   projectiles
     0000C7C5  _projectiles_active_head           projectiles
     0000C7C7  _projectiles_inactive_head         projectiles
     0000C7CE  _scroll_x                          scroll
     0000C7D0  _scroll_y                          scroll
     0000C7D2  _draw_scroll_x                     scroll
     0000C7D4  _draw_scroll_y                     scroll
     0000C7D6  _scroll_x_max                      scroll
     0000C7D8  _scroll_y_max                      scroll
     0000C7DA  _scroll_offset_x                   scroll
     0000C7DB  _scroll_offset_y                   scroll
     0000C7DC  _pending_h_x                       scroll
     0000C7DD  _pending_h_y                       scroll
     0000C7DE  _pending_h_i                       scroll
     0000C7DF  _pending_w_x                       scroll
     0000C7E0  _pending_w_y                       scroll
     0000C7E1  _pending_w_i                       scroll
     0000C7E2  _current_row                       scroll
     0000C7E4  _new_row                           scroll
     0000C7E6  _current_col                       scroll
     0000C7E8  _new_col                           scroll
ASxxxx Linker V03.00/V05.40 + sdld,  page 42.
Hexadecimal  [32-Bits]

Area                                    Addr        Size        Decimal Bytes (Attributes)
--------------------------------        ----        ----        ------- ----- ------------
_DATA                               0000C0A0    00001971 =        6513. bytes (REL,CON)

      Value  Global                              Global Defined In Module
      -----  --------------------------------   ------------------------
     0000C7EA  .image_tile_width                  
     0000C7EB  _sfx_play_bank                     sfx_player
     0000C7EC  _sfx_play_sample                   sfx_player
     0000C7EE  _sfx_frame_skip                    sfx_player
     0000C7EF  _link_operation_mode               sio
     0000C7F0  _link_packet                       sio
     0000C810  _link_packet_len                   sio
     0000C811  _link_packet_ptr                   sio
     0000C813  _link_packet_received              sio
     0000C814  _link_packet_snd_len               sio
     0000C815  _link_packet_snd_ptr               sio
     0000C817  _link_packet_sent                  sio
     0000C818  __is_CGB                           system
     0000C819  __is_SGB                           system
     0000C81A  __current_ram_bank                 system
     0000C81B  _triggers                          trigger
     0000C913  _last_trigger_tx                   trigger
     0000C914  _last_trigger_ty                   trigger
     0000C915  _last_trigger                      trigger
     0000C916  _win_pos_x                         ui
     0000C917  _win_dest_pos_x                    ui
     0000C918  _win_pos_y                         ui
     0000C919  _win_dest_pos_y                    ui
     0000C91A  _win_speed                         ui
     0000C91B  _text_drawn                        ui
     0000C91C  _current_text_speed                ui
     0000C91D  _text_options                      ui
     0000C91E  _text_in_speed                     ui
     0000C91F  _text_out_speed                    ui
     0000C920  _text_draw_speed                   ui
     0000C921  _text_ff_joypad                    ui
     0000C922  _text_ff                           ui
     0000C923  _text_bkg_fill                     ui
     0000C924  _ui_text_data                      ui
     0000CA2E  _vwf_current_mask                  ui
     0000CA2F  _vwf_current_rotate                ui
     0000CA30  _vwf_inverse_map                   ui
     0000CA31  _vwf_direction                     ui
     0000CA32  _vwf_current_font_desc             ui
     0000CA3A  _vwf_current_font_bank             ui
     0000CA3B  _vwf_current_font_idx              ui
     0000CA3C  _text_render_base_addr             ui
     0000CA3E  _text_scroll_addr                  ui
     0000CA40  _text_scroll_width                 ui
     0000CA41  _text_scroll_height                ui
     0000CA42  _text_scroll_fill                  ui
     0000CA43  _text_sound_mask                   ui
     0000CA44  _text_sound_bank                   ui
     0000CA45  _text_sound_data                   ui
     0000CA47  _overlay_priority                  ui
     0000CA48  _text_palette                      ui
ASxxxx Linker V03.00/V05.40 + sdld,  page 43.
Hexadecimal  [32-Bits]

Area                                    Addr        Size        Decimal Bytes (Attributes)
[...]
                                          [ bg_2ndfloor ]
/home/duende/.cache/_gbsbuild/obj/bg_2ndfloorbridged_tilemap_attr.rel
                                          [ bg_2ndfloorbridged_tilemap_attr ]
/home/duende/.cache/_gbsbuild/obj/bg_2ndfloorbridged_tilemap.rel
                                          [ bg_2ndfloorbridged_tilemap ]
/home/duende/.cache/_gbsbuild/obj/bg_2ndfloorbridged_tileset.rel
                                          [ bg_2ndfloorbridged_tileset ]
/home/duende/.cache/_gbsbuild/obj/bg_2ndfloorbridged.rel
                                          [ bg_2ndfloorbridged ]
/home/duende/.cache/_gbsbuild/obj/bg_grid_tilemap_attr.rel
                                          [ bg_grid_tilemap_attr ]
/home/duende/.cache/_gbsbuild/obj/bg_grid_tilemap.rel
                                          [ bg_grid_tilemap ]
/home/duende/.cache/_gbsbuild/obj/bg_grid_tileset.rel
                                          [ bg_grid_tileset ]
/home/duende/.cache/_gbsbuild/obj/bg_grid.rel
                                          [ bg_grid ]
/home/duende/.cache/_gbsbuild/obj/bg_living_room_cgb_tileset.rel
                                          [ bg_living_room_cgb_tileset ]
/home/duende/.cache/_gbsbuild/obj/bg_living_room_tilemap_attr.rel
                                          [ bg_living_room_tilemap_attr ]
/home/duende/.cache/_gbsbuild/obj/bg_living_room_tilemap.rel
                                          [ bg_living_room_tilemap ]
/home/duende/.cache/_gbsbuild/obj/bg_living_room_tileset.rel
                                          [ bg_living_room_tileset ]
/home/duende/.cache/_gbsbuild/obj/bg_living_room.rel
                                          [ bg_living_room ]
/home/duende/.cache/_gbsbuild/obj/bg_placeholder_tilemap_attr.rel
                                          [ bg_placeholder_tilemap_attr ]
/home/duende/.cache/_gbsbuild/obj/bg_placeholder_tilemap.rel
                                          [ bg_placeholder_tilemap ]
/home/duende/.cache/_gbsbuild/obj/bg_placeholder_tileset_east_9e2fe88e168d1a_tilemap_attr.rel
                                          [ bg_placeholder_tileset_east_9e2f ]
/home/duende/.cache/_gbsbuild/obj/bg_placeholder_tileset_east_9e2fe88e168d1a_tilemap.rel
                                          [ bg_placeholder_tileset_east_9e2f ]
/home/duende/.cache/_gbsbuild/obj/bg_placeholder_tileset_east_9e2fe88e168d1a_tileset.rel
                                          [ bg_placeholder_tileset_east_9e2f ]
/home/duende/.cache/_gbsbuild/obj/bg_placeholder_tileset_east_9e2fe88e168d1a.rel
                                          [ bg_placeholder_tileset_east_9e2f ]
/home/duende/.cache/_gbsbuild/obj/bg_placeholder_tileset.rel
                                          [ bg_placeholder_tileset ]
/home/duende/.cache/_gbsbuild/obj/bg_placeholder.rel
                                          [ bg_placeholder ]
/home/duende/.cache/_gbsbuild/obj/bg_room_tilemap_attr.rel
                                          [ bg_room_tilemap_attr ]
/home/duende/.cache/_gbsbuild/obj/bg_room_tilemap.rel
                                          [ bg_room_tilemap ]
/home/duende/.cache/_gbsbuild/obj/bg_room_tileset.rel
                                          [ bg_room_tileset ]
/home/duende/.cache/_gbsbuild/obj/bg_room.rel
                                          [ bg_room ]
/home/duende/.cache/_gbsbuild/obj/bg_title_cgb_tileset.rel
                                          [ bg_title_cgb_tileset ]
/home/duende/.cache/_gbsbuild/obj/bg_title_tilemap_attr.rel
                                          [ bg_title_tilemap_attr ]
/home/duende/.cache/_gbsbuild/obj/bg_title_tilemap.rel
                                          [ bg_title_tilemap ]
/home/duende/.cache/_gbsbuild/obj/bg_title_tileset.rel
                                          [ bg_title_tileset ]
/home/duende/.cache/_gbsbuild/obj/bg_title.rel
                                          [ bg_title ]
/home/duende/.cache/_gbsbuild/obj/cursor_image.rel
                                          [ cursor_image ]
/home/duende/.cache/_gbsbuild/obj/font_condensed.rel
                                          [ font_condensed ]
/home/duende/.cache/_gbsbuild/obj/frame_image.rel
                                          [ frame_image ]
/home/duende/.cache/_gbsbuild/obj/game_signature.rel
                                          [ game_signature ]
/home/duende/.cache/_gbsbuild/obj/palette_0.rel
                                          [ palette_0 ]
/home/duende/.cache/_gbsbuild/obj/palette_1.rel
                                          [ palette_1 ]
/home/duende/.cache/_gbsbuild/obj/palette_10.rel
                                          [ palette_10 ]
/home/duende/.cache/_gbsbuild/obj/palette_11.rel
                                          [ palette_11 ]
/home/duende/.cache/_gbsbuild/obj/palette_2.rel
                                          [ palette_2 ]
/home/duende/.cache/_gbsbuild/obj/palette_3.rel
                                          [ palette_3 ]
/home/duende/.cache/_gbsbuild/obj/palette_4.rel
                                          [ palette_4 ]
/home/duende/.cache/_gbsbuild/obj/palette_5.rel
                                          [ palette_5 ]
/home/duende/.cache/_gbsbuild/obj/palette_6.rel
                                          [ palette_6 ]
/home/duende/.cache/_gbsbuild/obj/palette_7.rel
                                          [ palette_7 ]
/home/duende/.cache/_gbsbuild/obj/palette_8.rel
                                          [ palette_8 ]
/home/duende/.cache/_gbsbuild/obj/palette_9.rel
                                          [ palette_9 ]
/home/duende/.cache/_gbsbuild/obj/scene_1_actors.rel
                                          [ scene_1_actors ]
/home/duende/.cache/_gbsbuild/obj/scene_1_collisions.rel
                                          [ scene_1_collisions ]
/home/duende/.cache/_gbsbuild/obj/scene_1_init.rel
                                          [ scene_1_init ]
/home/duende/.cache/_gbsbuild/obj/scene_1_sprites.rel
                                          [ scene_1_sprites ]
/home/duende/.cache/_gbsbuild/obj/scene_1.rel
                                          [ scene_1 ]
/home/duende/.cache/_gbsbuild/obj/scene_10_actors.rel
                                          [ scene_10_actors ]
/home/duende/.cache/_gbsbuild/obj/scene_10_collisions.rel
                                          [ scene_10_collisions ]
/home/duende/.cache/_gbsbuild/obj/scene_10_init.rel
                                          [ scene_10_init ]
/home/duende/.cache/_gbsbuild/obj/scene_10_sprites.rel
                                          [ scene_10_sprites ]
/home/duende/.cache/_gbsbuild/obj/scene_10.rel
                                          [ scene_10 ]
/home/duende/.cache/_gbsbuild/obj/scene_2_collisions.rel
                                          [ scene_2_collisions ]
/home/duende/.cache/_gbsbuild/obj/scene_2_init.rel
                                          [ scene_2_init ]
/home/duende/.cache/_gbsbuild/obj/scene_2_triggers.rel
                                          [ scene_2_triggers ]
/home/duende/.cache/_gbsbuild/obj/scene_2.rel
                                          [ scene_2 ]
/home/duende/.cache/_gbsbuild/obj/scene_3_actors.rel
                                          [ scene_3_actors ]
/home/duende/.cache/_gbsbuild/obj/scene_3_collisions.rel
                                          [ scene_3_collisions ]
/home/duende/.cache/_gbsbuild/obj/scene_3_init.rel
                                          [ scene_3_init ]
/home/duende/.cache/_gbsbuild/obj/scene_3_sprites.rel
                                          [ scene_3_sprites ]
/home/duende/.cache/_gbsbuild/obj/scene_3_triggers.rel
                                          [ scene_3_triggers ]
/home/duende/.cache/_gbsbuild/obj/scene_3.rel
                                          [ scene_3 ]
/home/duende/.cache/_gbsbuild/obj/scene_4_actors.rel
                                          [ scene_4_actors ]
/home/duende/.cache/_gbsbuild/obj/scene_4_collisions.rel
                                          [ scene_4_collisions ]
/home/duende/.cache/_gbsbuild/obj/scene_4_init.rel
                                          [ scene_4_init ]
/home/duende/.cache/_gbsbuild/obj/scene_4_sprites.rel
                                          [ scene_4_sprites ]
/home/duende/.cache/_gbsbuild/obj/scene_4_triggers.rel
                                          [ scene_4_triggers ]
/home/duende/.cache/_gbsbuild/obj/scene_4.rel
                                          [ scene_4 ]
/home/duende/.cache/_gbsbuild/obj/scene_5_actors.rel
                                          [ scene_5_actors ]
/home/duende/.cache/_gbsbuild/obj/scene_5_collisions.rel
                                          [ scene_5_collisions ]
/home/duende/.cache/_gbsbuild/obj/scene_5_init.rel
                                          [ scene_5_init ]
/home/duende/.cache/_gbsbuild/obj/scene_5_sprites.rel
                                          [ scene_5_sprites ]
/home/duende/.cache/_gbsbuild/obj/scene_5.rel
                                          [ scene_5 ]
/home/duende/.cache/_gbsbuild/obj/scene_6_actors.rel
                                          [ scene_6_actors ]
/home/duende/.cache/_gbsbuild/obj/scene_6_collisions.rel
                                          [ scene_6_collisions ]
/home/duende/.cache/_gbsbuild/obj/scene_6_init.rel
                                          [ scene_6_init ]
/home/duende/.cache/_gbsbuild/obj/scene_6_sprites.rel
                                          [ scene_6_sprites ]
/home/duende/.cache/_gbsbuild/obj/scene_6.rel
                                          [ scene_6 ]
/home/duende/.cache/_gbsbuild/obj/scene_7_actors.rel
                                          [ scene_7_actors ]
/home/duende/.cache/_gbsbuild/obj/scene_7_collisions.rel
                                          [ scene_7_collisions ]
/home/duende/.cache/_gbsbuild/obj/scene_7_init.rel
                                          [ scene_7_init ]
/home/duende/.cache/_gbsbuild/obj/scene_7_sprites.rel
                                          [ scene_7_sprites ]
/home/duende/.cache/_gbsbuild/obj/scene_7.rel
                                          [ scene_7 ]
/home/duende/.cache/_gbsbuild/obj/scene_8_collisions.rel
                                          [ scene_8_collisions ]
/home/duende/.cache/_gbsbuild/obj/scene_8_init.rel
                                          [ scene_8_init ]
/home/duende/.cache/_gbsbuild/obj/scene_8_triggers.rel
                                          [ scene_8_triggers ]
/home/duende/.cache/_gbsbuild/obj/scene_8.rel
                                          [ scene_8 ]
/home/duende/.cache/_gbsbuild/obj/scene_9_collisions.rel
                                          [ scene_9_collisions ]
/home/duende/.cache/_gbsbuild/obj/scene_9_init.rel
                                          [ scene_9_init ]
/home/duende/.cache/_gbsbuild/obj/scene_9_triggers.rel
                                          [ scene_9_triggers ]
/home/duende/.cache/_gbsbuild/obj/scene_9.rel
                                          [ scene_9 ]
/home/duende/.cache/_gbsbuild/obj/script_1.rel
                                          [ script_1 ]
/home/duende/.cache/_gbsbuild/obj/script_2.rel
                                          [ script_2 ]
/home/duende/.cache/_gbsbuild/obj/script_engine_init.rel
                                          [  ]
/home/duende/.cache/_gbsbuild/obj/script_input_0.rel
                                          [ script_input_0 ]
/home/duende/.cache/_gbsbuild/obj/script_input_1.rel
                                          [ script_input_1 ]
/home/duende/.cache/_gbsbuild/obj/script_input.rel
                                          [ script_input ]
/home/duende/.cache/_gbsbuild/obj/sound_breath3_wav.rel
                                          [ sound_breath3_wav ]
/home/duende/.cache/_gbsbuild/obj/sound_gbfx_sav.rel
                                          [ sound_gbfx_sav ]
/home/duende/.cache/_gbsbuild/obj/sprite_actor_animated_bank2_tileset.rel
                                          [ sprite_actor_animated_bank2_tile ]
/home/duende/.cache/_gbsbuild/obj/sprite_actor_animated_tileset.rel
                                          [ sprite_actor_animated_tileset ]
/home/duende/.cache/_gbsbuild/obj/sprite_actor_animated.rel
                                          [ sprite_actor_animated ]
/home/duende/.cache/_gbsbuild/obj/sprite_empty.rel
                                          [ sprite_empty ]
/home/duende/.cache/_gbsbuild/obj/sprite_eyes_bank2_tileset.rel
                                          [ sprite_eyes_bank2_tileset ]
/home/duende/.cache/_gbsbuild/obj/sprite_eyes_tileset.rel
                                          [ sprite_eyes_tileset ]
/home/duende/.cache/_gbsbuild/obj/sprite_eyes.rel
                                          [ sprite_eyes ]
/home/duende/.cache/_gbsbuild/obj/sprite_knight_bank2_tileset.rel
                                          [ sprite_knight_bank2_tileset ]
/home/duende/.cache/_gbsbuild/obj/sprite_knight_tileset.rel
                                          [ sprite_knight_tileset ]
/home/duende/.cache/_gbsbuild/obj/sprite_knight.rel
                                          [ sprite_knight ]
/home/duende/.cache/_gbsbuild/obj/sprite_pointer_bank2_tileset.rel
                                          [ sprite_pointer_bank2_tileset ]
/home/duende/.cache/_gbsbuild/obj/sprite_pointer_tileset.rel
                                          [ sprite_pointer_tileset ]
/home/duende/.cache/_gbsbuild/obj/sprite_pointer.rel
                                          [ sprite_pointer ]
/home/duende/.cache/_gbsbuild/obj/sprite_smallpointer_tileset.rel
                                          [ sprite_smallpointer_tileset ]
/home/duende/.cache/_gbsbuild/obj/sprite_smallpointer.rel
                                          [ sprite_smallpointer ]
/home/duende/.cache/_gbsbuild/obj/sprite_sprite_0004_bank2_tileset.rel
                                          [ sprite_sprite_0004_bank2_tileset ]
/home/duende/.cache/_gbsbuild/obj/sprite_sprite_0004_tileset.rel
                                          [ sprite_sprite_0004_tileset ]
/home/duende/.cache/_gbsbuild/obj/sprite_sprite_0004.rel
                                          [ sprite_sprite_0004 ]
/home/duende/.cache/_gbsbuild/obj/sprite_woman_bank2_tileset.rel
                                          [ sprite_woman_bank2_tileset ]
/home/duende/.cache/_gbsbuild/obj/sprite_woman_tileset.rel
                                          [ sprite_woman_tileset ]
/home/duende/.cache/_gbsbuild/obj/sprite_woman.rel
                                          [ sprite_woman ]
/home/duende/.cache/_gbsbuild/obj/spritesheet_none.rel
                                          [ spritesheet_none ]
/home/duende/.cache/_gbsbuild/obj/tileset_asdasda.rel
                                          [ tileset_asdasda ]
/home/duende/.cache/_gbsbuild/obj/tileset_default_frame.rel
                                          [ tileset_default_frame ]
/home/duende/.cache/_gbsbuild/obj/trigger_0_interact.rel
                                          [ trigger_0_interact ]
/home/duende/.cache/_gbsbuild/obj/trigger_1_interact.rel
                                          [ trigger_1_interact ]
/home/duende/.cache/_gbsbuild/obj/trigger_2_interact.rel
                                          [ trigger_2_interact ]
/home/duende/.cache/_gbsbuild/obj/trigger_3_interact.rel
                                          [ trigger_3_interact ]
/home/duende/.cache/_gbsbuild/obj/trigger_4_interact.rel
                                          [ trigger_4_interact ]
/home/duende/.cache/_gbsbuild/obj/trigger_5_interact.rel
                                          [ trigger_5_interact ]
/home/duende/.cache/_gbsbuild/obj/main.rel
                                          [ main ]
/home/duende/.cache/_gbsbuild/obj/adventure.rel
                                          [ adventure ]
/home/duende/.cache/_gbsbuild/obj/logo.rel
                                          [ logo ]
/home/duende/.cache/_gbsbuild/obj/pointnclick.rel
                                          [ pointnclick ]
/home/duende/.cache/_gbsbuild/obj/states_ptrs.rel
                                          [  ]
/home/duende/.cache/_gbsbuild/obj/topdown.rel
                                          [ topdown ]


Libraries Linked                          [ object file ]

/home/duende/.cache//_gbstools/gbdk/lib/gb/gb.lib
                                          [ fill_rect_wi.o ]
/home/duende/.cache//_gbstools/gbdk/lib/sm83/sm83.lib
                                          [ rand.o ]
lib/hUGEDriver.lib                        [ hUGEDriver.o ]
/home/duende/.cache//_gbstools/gbdk/lib/gb/gb.lib
                                          [ sfr.o ]
/home/duende/.cache//_gbstools/gbdk/lib/gb/gb.lib
                                          [ get_data.o ]
/home/duende/.cache//_gbstools/gbdk/lib/gb/gb.lib
                                          [ get_tile.o ]
/home/duende/.cache//_gbstools/gbdk/lib/gb/gb.lib
                                          [ cgb_palettes.o ]
/home/duende/.cache//_gbstools/gbdk/lib/gb/gb.lib
                                          [ metasprites_hide_spr.o ]
/home/duende/.cache//_gbstools/gbdk/lib/sm83/sm83.lib
                                          [ mul.o ]
/home/duende/.cache//_gbstools/gbdk/lib/gb/gb.lib
                                          [ set_tile.o ]
/home/duende/.cache//_gbstools/gbdk/lib/sm83/sm83.lib
                                          [ abs.o ]
/home/duende/.cache//_gbstools/gbdk/lib/gb/gb.lib
                                          [ set_wi_t.o ]
/home/duende/.cache//_gbstools/gbdk/lib/gb/gb.lib
                                          [ set_data.o ]
/home/duende/.cache//_gbstools/gbdk/lib/sm83/sm83.lib
                                          [ reverse.o ]
/home/duende/.cache//_gbstools/gbdk/lib/gb/gb.lib
                                          [ far_ptr.o ]
/home/duende/.cache//_gbstools/gbdk/lib/gb/gb.lib
                                          [ sgb.o ]
/home/duende/.cache//_gbstools/gbdk/lib/gb/gb.lib
                                          [ lcd.o ]
/home/duende/.cache//_gbstools/gbdk/lib/gb/gb.lib
                                          [ fill_rect.o ]
/home/duende/.cache//_gbstools/gbdk/lib/gb/gb.lib
                                          [ cpy_data.o ]
/home/duende/.cache//_gbstools/gbdk/lib/gb/gb.lib
                                          [ fill_rect_bk.o ]
/home/duende/.cache//_gbstools/gbdk/lib/gb/gb.lib
                                          [ pad.o ]
/home/duende/.cache//_gbstools/gbdk/lib/gb/gb.lib
                                          [ metasprites.o ]
/home/duende/.cache//_gbstools/gbdk/lib/sm83/sm83.lib
                                          [ __sdcc_call_hl.o ]
/home/duende/.cache//_gbstools/gbdk/lib/sm83/sm83.lib
                                          [ memcpy.o ]
/home/duende/.cache//_gbstools/gbdk/lib/sm83/sm83.lib
                                          [ _memset.o ]
/home/duende/.cache//_gbstools/gbdk/lib/gb/gb.lib
                                          [ set_xy_t.o ]
/home/duende/.cache//_gbstools/gbdk/lib/gb/gb.lib
                                          [ ___sdcc_bcall_ehl.o ]
/home/duende/.cache//_gbstools/gbdk/lib/gb/gb.lib
                                          [ cgb.o ]
/home/duende/.cache//_gbstools/gbdk/lib/sm83/sm83.lib
                                          [ div.o ]
/home/duende/.cache//_gbstools/gbdk/lib/gb/gb.lib
                                          [ set_bk_t.o ]

ASxxxx Linker V03.00/V05.40 + sdld,  page 72.

User Base Address Definitions

_DATA=0xC0A0
_CODE=0x0200
ASxxxx Linker V03.00/V05.40 + sdld,  page 73.

User Global Definitions

.STACK=0xDF00
_shadow_OAM=0xC000
.refresh_OAM=0xFF80
__start_save=4

